BEGIN:VCALENDAR
VERSION:2.0
PRODID:-//gene@aumson.org//https://github.com/feuGeneA/socalgen//EN
BEGIN:VEVENT
SUMMARY:Sun-earth Trine\, at avon nc
DTSTART;VALUE=DATE-TIME:...
DTEND;VALUE=DATE-TIME:...
END:VEVENT
BEGIN:VEVENT
SUMMARY:Sun-earth Trine\, at avon nc
DTSTART;VALUE=DATE-TIME:...
DTEND;VALUE=DATE-TIME:...
END:VEVENT
BEGIN:VEVENT
SUMMARY:Sun-earth Trine\, at avon nc
DTSTART;VALUE=DATE-TIME:...
DTEND;VALUE=DATE-TIME:...
END:VEVENT
END:VCALENDAR
